****************************************
Report : timing
	-path_type full
	-delay_type max
	-max_paths 10
Design : uart_tx
Version: D-2010.06-SP2
Date   : Wed Mar 28 05:36:33 2018
****************************************


  Startpoint: rst_n (input port clocked by CLK)
  Endpoint: tx_reg (recovery check against rising-edge clock CLK)
  Path Group: **async_default**
  Path Type: max

  Point                                    Incr       Path
  ---------------------------------------------------------------
  clock CLK (rise edge)                    0.00       0.00
  clock network delay (ideal)              0.00       0.00
  input external delay                     1.00       1.00 r
  rst_n (in)                               0.00       1.00 r
  tx_reg/SETB (DFFASX1)                    0.00       1.00 r
  data arrival time                                   1.00

  clock CLK (rise edge)                   10.00      10.00
  clock network delay (ideal)              0.00      10.00
  clock uncertainty                       -0.20       9.80
  tx_reg/CLK (DFFASX1)                                9.80 r
  library recovery time                    0.02       9.82
  data required time                                  9.82
  ---------------------------------------------------------------
  data required time                                  9.82
  data arrival time                                  -1.00
  ---------------------------------------------------------------
  slack (MET)                                         8.82


  Startpoint: rst_n (input port clocked by CLK)
  Endpoint: bit_index_reg[0]
               (recovery check against rising-edge clock CLK)
  Path Group: **async_default**
  Path Type: max

  Point                                    Incr       Path
  ---------------------------------------------------------------
  clock CLK (rise edge)                    0.00       0.00
  clock network delay (ideal)              0.00       0.00
  input external delay                     1.00       1.00 r
  rst_n (in)                               0.00       1.00 r
  bit_index_reg[0]/RSTB (DFFARX1)          0.00       1.00 r
  data arrival time                                   1.00

  clock CLK (rise edge)                   10.00      10.00
  clock network delay (ideal)              0.00      10.00
  clock uncertainty                       -0.20       9.80
  bit_index_reg[0]/CLK (DFFARX1)                      9.80 r
  library recovery time                    0.08       9.88
  data required time                                  9.88
  ---------------------------------------------------------------
  data required time                                  9.88
  data arrival time                                  -1.00
  ---------------------------------------------------------------
  slack (MET)                                         8.88


  Startpoint: rst_n (input port clocked by CLK)
  Endpoint: bit_index_reg[1]
               (recovery check against rising-edge clock CLK)
  Path Group: **async_default**
  Path Type: max

  Point                                    Incr       Path
  ---------------------------------------------------------------
  clock CLK (rise edge)                    0.00       0.00
  clock network delay (ideal)              0.00       0.00
  input external delay                     1.00       1.00 r
  rst_n (in)                               0.00       1.00 r
  bit_index_reg[1]/RSTB (DFFARX1)          0.00       1.00 r
  data arrival time                                   1.00

  clock CLK (rise edge)                   10.00      10.00
  clock network delay (ideal)              0.00      10.00
  clock uncertainty                       -0.20       9.80
  bit_index_reg[1]/CLK (DFFARX1)                      9.80 r
  library recovery time                    0.08       9.88
  data required time                                  9.88
  ---------------------------------------------------------------
  data required time                                  9.88
  data arrival time                                  -1.00
  ---------------------------------------------------------------
  slack (MET)                                         8.88


  Startpoint: rst_n (input port clocked by CLK)
  Endpoint: bit_index_reg[2]
               (recovery check against rising-edge clock CLK)
  Path Group: **async_default**
  Path Type: max

  Point                                    Incr       Path
  ---------------------------------------------------------------
  clock CLK (rise edge)                    0.00       0.00
  clock network delay (ideal)              0.00       0.00
  input external delay                     1.00       1.00 r
  rst_n (in)                               0.00       1.00 r
  bit_index_reg[2]/RSTB (DFFARX1)          0.00       1.00 r
  data arrival time                                   1.00

  clock CLK (rise edge)                   10.00      10.00
  clock network delay (ideal)              0.00      10.00
  clock uncertainty                       -0.20       9.80
  bit_index_reg[2]/CLK (DFFARX1)                      9.80 r
  library recovery time                    0.08       9.88
  data required time                                  9.88
  ---------------------------------------------------------------
  data required time                                  9.88
  data arrival time                                  -1.00
  ---------------------------------------------------------------
  slack (MET)                                         8.88


  Startpoint: rst_n (input port clocked by CLK)
  Endpoint: clk_count_reg[0]
               (recovery check against rising-edge clock CLK)
  Path Group: **async_default**
  Path Type: max

  Point                                    Incr       Path
  ---------------------------------------------------------------
  clock CLK (rise edge)                    0.00       0.00
  clock network delay (ideal)              0.00       0.00
  input external delay                     1.00       1.00 r
  rst_n (in)                               0.00       1.00 r
  clk_count_reg[0]/RSTB (DFFARX1)          0.00       1.00 r
  data arrival time                                   1.00

  clock CLK (rise edge)                   10.00      10.00
  clock network delay (ideal)              0.00      10.00
  clock uncertainty                       -0.20       9.80
  clk_count_reg[0]/CLK (DFFARX1)                      9.80 r
  library recovery time                    0.08       9.88
  data required time                                  9.88
  ---------------------------------------------------------------
  data required time                                  9.88
  data arrival time                                  -1.00
  ---------------------------------------------------------------
  slack (MET)                                         8.88


  Startpoint: rst_n (input port clocked by CLK)
  Endpoint: clk_count_reg[1]
               (recovery check against rising-edge clock CLK)
  Path Group: **async_default**
  Path Type: max

  Point                                    Incr       Path
  ---------------------------------------------------------------
  clock CLK (rise edge)                    0.00       0.00
  clock network delay (ideal)              0.00       0.00
  input external delay                     1.00       1.00 r
  rst_n (in)                               0.00       1.00 r
  clk_count_reg[1]/RSTB (DFFARX1)          0.00       1.00 r
  data arrival time                                   1.00

  clock CLK (rise edge)                   10.00      10.00
  clock network delay (ideal)              0.00      10.00
  clock uncertainty                       -0.20       9.80
  clk_count_reg[1]/CLK (DFFARX1)                      9.80 r
  library recovery time                    0.08       9.88
  data required time                                  9.88
  ---------------------------------------------------------------
  data required time                                  9.88
  data arrival time                                  -1.00
  ---------------------------------------------------------------
  slack (MET)                                         8.88


  Startpoint: rst_n (input port clocked by CLK)
  Endpoint: clk_count_reg[2]
               (recovery check against rising-edge clock CLK)
  Path Group: **async_default**
  Path Type: max

  Point                                    Incr       Path
  ---------------------------------------------------------------
  clock CLK (rise edge)                    0.00       0.00
  clock network delay (ideal)              0.00       0.00
  input external delay                     1.00       1.00 r
  rst_n (in)                               0.00       1.00 r
  clk_count_reg[2]/RSTB (DFFARX1)          0.00       1.00 r
  data arrival time                                   1.00

  clock CLK (rise edge)                   10.00      10.00
  clock network delay (ideal)              0.00      10.00
  clock uncertainty                       -0.20       9.80
  clk_count_reg[2]/CLK (DFFARX1)                      9.80 r
  library recovery time                    0.08       9.88
  data required time                                  9.88
  ---------------------------------------------------------------
  data required time                                  9.88
  data arrival time                                  -1.00
  ---------------------------------------------------------------
  slack (MET)                                         8.88


  Startpoint: rst_n (input port clocked by CLK)
  Endpoint: clk_count_reg[3]
               (recovery check against rising-edge clock CLK)
  Path Group: **async_default**
  Path Type: max

  Point                                    Incr       Path
  ---------------------------------------------------------------
  clock CLK (rise edge)                    0.00       0.00
  clock network delay (ideal)              0.00       0.00
  input external delay                     1.00       1.00 r
  rst_n (in)                               0.00       1.00 r
  clk_count_reg[3]/RSTB (DFFARX1)          0.00       1.00 r
  data arrival time                                   1.00

  clock CLK (rise edge)                   10.00      10.00
  clock network delay (ideal)              0.00      10.00
  clock uncertainty                       -0.20       9.80
  clk_count_reg[3]/CLK (DFFARX1)                      9.80 r
  library recovery time                    0.08       9.88
  data required time                                  9.88
  ---------------------------------------------------------------
  data required time                                  9.88
  data arrival time                                  -1.00
  ---------------------------------------------------------------
  slack (MET)                                         8.88


  Startpoint: rst_n (input port clocked by CLK)
  Endpoint: data_reg_reg[0]
               (recovery check against rising-edge clock CLK)
  Path Group: **async_default**
  Path Type: max

  Point                                    Incr       Path
  ---------------------------------------------------------------
  clock CLK (rise edge)                    0.00       0.00
  clock network delay (ideal)              0.00       0.00
  input external delay                     1.00       1.00 r
  rst_n (in)                               0.00       1.00 r
  data_reg_reg[0]/RSTB (DFFARX1)           0.00       1.00 r
  data arrival time                                   1.00

  clock CLK (rise edge)                   10.00      10.00
  clock network delay (ideal)              0.00      10.00
  clock uncertainty                       -0.20       9.80
  data_reg_reg[0]/CLK (DFFARX1)                       9.80 r
  library recovery time                    0.08       9.88
  data required time                                  9.88
  ---------------------------------------------------------------
  data required time                                  9.88
  data arrival time                                  -1.00
  ---------------------------------------------------------------
  slack (MET)                                         8.88


  Startpoint: rst_n (input port clocked by CLK)
  Endpoint: data_reg_reg[1]
               (recovery check against rising-edge clock CLK)
  Path Group: **async_default**
  Path Type: max

  Point                                    Incr       Path
  ---------------------------------------------------------------
  clock CLK (rise edge)                    0.00       0.00
  clock network delay (ideal)              0.00       0.00
  input external delay                     1.00       1.00 r
  rst_n (in)                               0.00       1.00 r
  data_reg_reg[1]/RSTB (DFFARX1)           0.00       1.00 r
  data arrival time                                   1.00

  clock CLK (rise edge)                   10.00      10.00
  clock network delay (ideal)              0.00      10.00
  clock uncertainty                       -0.20       9.80
  data_reg_reg[1]/CLK (DFFARX1)                       9.80 r
  library recovery time                    0.08       9.88
  data required time                                  9.88
  ---------------------------------------------------------------
  data required time                                  9.88
  data arrival time                                  -1.00
  ---------------------------------------------------------------
  slack (MET)                                         8.88


  Startpoint: tx_start (input port clocked by CLK)
  Endpoint: state_reg[0]
               (rising edge-triggered flip-flop clocked by CLK)
  Path Group: CLK
  Path Type: max

  Point                                    Incr       Path
  ---------------------------------------------------------------
  clock CLK (rise edge)                    0.00       0.00
  clock network delay (ideal)              0.00       0.00
  input external delay                     1.00       1.00 f
  tx_start (in)                            0.00       1.00 f
  U66/QN (NAND2X1)                         0.05       1.05 r
  U60/ZN (INVX0)                           0.08       1.13 f
  U41/Q (AO21X1)                           0.07       1.19 f
  U57/ZN (INVX0)                           0.03       1.22 r
  U39/Q (AO22X1)                           0.08       1.30 r
  state_reg[0]/D (DFFARX1)                 0.00       1.30 r
  data arrival time                                   1.30

  clock CLK (rise edge)                   10.00      10.00
  clock network delay (ideal)              0.00      10.00
  clock uncertainty                       -0.20       9.80
  state_reg[0]/CLK (DFFARX1)                          9.80 r
  library setup time                      -0.08       9.72
  data required time                                  9.72
  ---------------------------------------------------------------
  data required time                                  9.72
  data arrival time                                  -1.30
  ---------------------------------------------------------------
  slack (MET)                                         8.42


  Startpoint: tx_start (input port clocked by CLK)
  Endpoint: state_reg[1]
               (rising edge-triggered flip-flop clocked by CLK)
  Path Group: CLK
  Path Type: max

  Point                                    Incr       Path
  ---------------------------------------------------------------
  clock CLK (rise edge)                    0.00       0.00
  clock network delay (ideal)              0.00       0.00
  input external delay                     1.00       1.00 f
  tx_start (in)                            0.00       1.00 f
  U66/QN (NAND2X1)                         0.05       1.05 r
  U60/ZN (INVX0)                           0.08       1.13 f
  U41/Q (AO21X1)                           0.07       1.19 f
  U57/ZN (INVX0)                           0.03       1.22 r
  U40/Q (AO22X1)                           0.08       1.30 r
  state_reg[1]/D (DFFARX1)                 0.00       1.30 r
  data arrival time                                   1.30

  clock CLK (rise edge)                   10.00      10.00
  clock network delay (ideal)              0.00      10.00
  clock uncertainty                       -0.20       9.80
  state_reg[1]/CLK (DFFARX1)                          9.80 r
  library setup time                      -0.08       9.72
  data required time                                  9.72
  ---------------------------------------------------------------
  data required time                                  9.72
  data arrival time                                  -1.30
  ---------------------------------------------------------------
  slack (MET)                                         8.42


  Startpoint: tx_start (input port clocked by CLK)
  Endpoint: data_reg_reg[0]
               (rising edge-triggered flip-flop clocked by CLK)
  Path Group: CLK
  Path Type: max

  Point                                    Incr       Path
  ---------------------------------------------------------------
  clock CLK (rise edge)                    0.00       0.00
  clock network delay (ideal)              0.00       0.00
  input external delay                     1.00       1.00 r
  tx_start (in)                            0.00       1.00 r
  U66/QN (NAND2X1)                         0.05       1.05 f
  U60/ZN (INVX0)                           0.08       1.13 r
  U29/Q (AO22X1)                           0.09       1.22 r
  data_reg_reg[0]/D (DFFARX1)              0.00       1.22 r
  data arrival time                                   1.22

  clock CLK (rise edge)                   10.00      10.00
  clock network delay (ideal)              0.00      10.00
  clock uncertainty                       -0.20       9.80
  data_reg_reg[0]/CLK (DFFARX1)                       9.80 r
  library setup time                      -0.09       9.71
  data required time                                  9.71
  ---------------------------------------------------------------
  data required time                                  9.71
  data arrival time                                  -1.22
  ---------------------------------------------------------------
  slack (MET)                                         8.50


  Startpoint: tx_start (input port clocked by CLK)
  Endpoint: data_reg_reg[1]
               (rising edge-triggered flip-flop clocked by CLK)
  Path Group: CLK
  Path Type: max

  Point                                    Incr       Path
  ---------------------------------------------------------------
  clock CLK (rise edge)                    0.00       0.00
  clock network delay (ideal)              0.00       0.00
  input external delay                     1.00       1.00 r
  tx_start (in)                            0.00       1.00 r
  U66/QN (NAND2X1)                         0.05       1.05 f
  U60/ZN (INVX0)                           0.08       1.13 r
  U30/Q (AO22X1)                           0.09       1.22 r
  data_reg_reg[1]/D (DFFARX1)              0.00       1.22 r
  data arrival time                                   1.22

  clock CLK (rise edge)                   10.00      10.00
  clock network delay (ideal)              0.00      10.00
  clock uncertainty                       -0.20       9.80
  data_reg_reg[1]/CLK (DFFARX1)                       9.80 r
  library setup time                      -0.09       9.71
  data required time                                  9.71
  ---------------------------------------------------------------
  data required time                                  9.71
  data arrival time                                  -1.22
  ---------------------------------------------------------------
  slack (MET)                                         8.50


  Startpoint: tx_start (input port clocked by CLK)
  Endpoint: data_reg_reg[2]
               (rising edge-triggered flip-flop clocked by CLK)
  Path Group: CLK
  Path Type: max

  Point                                    Incr       Path
  ---------------------------------------------------------------
  clock CLK (rise edge)                    0.00       0.00
  clock network delay (ideal)              0.00       0.00
  input external delay                     1.00       1.00 r
  tx_start (in)                            0.00       1.00 r
  U66/QN (NAND2X1)                         0.05       1.05 f
  U60/ZN (INVX0)                           0.08       1.13 r
  U31/Q (AO22X1)                           0.09       1.22 r
  data_reg_reg[2]/D (DFFARX1)              0.00       1.22 r
  data arrival time                                   1.22

  clock CLK (rise edge)                   10.00      10.00
  clock network delay (ideal)              0.00      10.00
  clock uncertainty                       -0.20       9.80
  data_reg_reg[2]/CLK (DFFARX1)                       9.80 r
  library setup time                      -0.09       9.71
  data required time                                  9.71
  ---------------------------------------------------------------
  data required time                                  9.71
  data arrival time                                  -1.22
  ---------------------------------------------------------------
  slack (MET)                                         8.50


  Startpoint: tx_start (input port clocked by CLK)
  Endpoint: data_reg_reg[3]
               (rising edge-triggered flip-flop clocked by CLK)
  Path Group: CLK
  Path Type: max

  Point                                    Incr       Path
  ---------------------------------------------------------------
  clock CLK (rise edge)                    0.00       0.00
  clock network delay (ideal)              0.00       0.00
  input external delay                     1.00       1.00 r
  tx_start (in)                            0.00       1.00 r
  U66/QN (NAND2X1)                         0.05       1.05 f
  U60/ZN (INVX0)                           0.08       1.13 r
  U32/Q (AO22X1)                           0.09       1.22 r
  data_reg_reg[3]/D (DFFARX1)              0.00       1.22 r
  data arrival time                                   1.22

  clock CLK (rise edge)                   10.00      10.00
  clock network delay (ideal)              0.00      10.00
  clock uncertainty                       -0.20       9.80
  data_reg_reg[3]/CLK (DFFARX1)                       9.80 r
  library setup time                      -0.09       9.71
  data required time                                  9.71
  ---------------------------------------------------------------
  data required time                                  9.71
  data arrival time                                  -1.22
  ---------------------------------------------------------------
  slack (MET)                                         8.50


  Startpoint: tx_start (input port clocked by CLK)
  Endpoint: data_reg_reg[4]
               (rising edge-triggered flip-flop clocked by CLK)
  Path Group: CLK
  Path Type: max

  Point                                    Incr       Path
  ---------------------------------------------------------------
  clock CLK (rise edge)                    0.00       0.00
  clock network delay (ideal)              0.00       0.00
  input external delay                     1.00       1.00 r
  tx_start (in)                            0.00       1.00 r
  U66/QN (NAND2X1)                         0.05       1.05 f
  U60/ZN (INVX0)                           0.08       1.13 r
  U33/Q (AO22X1)                           0.09       1.22 r
  data_reg_reg[4]/D (DFFARX1)              0.00       1.22 r
  data arrival time                                   1.22

  clock CLK (rise edge)                   10.00      10.00
  clock network delay (ideal)              0.00      10.00
  clock uncertainty                       -0.20       9.80
  data_reg_reg[4]/CLK (DFFARX1)                       9.80 r
  library setup time                      -0.09       9.71
  data required time                                  9.71
  ---------------------------------------------------------------
  data required time                                  9.71
  data arrival time                                  -1.22
  ---------------------------------------------------------------
  slack (MET)                                         8.50


  Startpoint: tx_start (input port clocked by CLK)
  Endpoint: data_reg_reg[5]
               (rising edge-triggered flip-flop clocked by CLK)
  Path Group: CLK
  Path Type: max

  Point                                    Incr       Path
  ---------------------------------------------------------------
  clock CLK (rise edge)                    0.00       0.00
  clock network delay (ideal)              0.00       0.00
  input external delay                     1.00       1.00 r
  tx_start (in)                            0.00       1.00 r
  U66/QN (NAND2X1)                         0.05       1.05 f
  U60/ZN (INVX0)                           0.08       1.13 r
  U34/Q (AO22X1)                           0.09       1.22 r
  data_reg_reg[5]/D (DFFARX1)              0.00       1.22 r
  data arrival time                                   1.22

  clock CLK (rise edge)                   10.00      10.00
  clock network delay (ideal)              0.00      10.00
  clock uncertainty                       -0.20       9.80
  data_reg_reg[5]/CLK (DFFARX1)                       9.80 r
  library setup time                      -0.09       9.71
  data required time                                  9.71
  ---------------------------------------------------------------
  data required time                                  9.71
  data arrival time                                  -1.22
  ---------------------------------------------------------------
  slack (MET)                                         8.50


  Startpoint: tx_start (input port clocked by CLK)
  Endpoint: data_reg_reg[6]
               (rising edge-triggered flip-flop clocked by CLK)
  Path Group: CLK
  Path Type: max

  Point                                    Incr       Path
  ---------------------------------------------------------------
  clock CLK (rise edge)                    0.00       0.00
  clock network delay (ideal)              0.00       0.00
  input external delay                     1.00       1.00 r
  tx_start (in)                            0.00       1.00 r
  U66/QN (NAND2X1)                         0.05       1.05 f
  U60/ZN (INVX0)                           0.08       1.13 r
  U35/Q (AO22X1)                           0.09       1.22 r
  data_reg_reg[6]/D (DFFARX1)              0.00       1.22 r
  data arrival time                                   1.22

  clock CLK (rise edge)                   10.00      10.00
  clock network delay (ideal)              0.00      10.00
  clock uncertainty                       -0.20       9.80
  data_reg_reg[6]/CLK (DFFARX1)                       9.80 r
  library setup time                      -0.09       9.71
  data required time                                  9.71
  ---------------------------------------------------------------
  data required time                                  9.71
  data arrival time                                  -1.22
  ---------------------------------------------------------------
  slack (MET)                                         8.50


  Startpoint: tx_start (input port clocked by CLK)
  Endpoint: data_reg_reg[7]
               (rising edge-triggered flip-flop clocked by CLK)
  Path Group: CLK
  Path Type: max

  Point                                    Incr       Path
  ---------------------------------------------------------------
  clock CLK (rise edge)                    0.00       0.00
  clock network delay (ideal)              0.00       0.00
  input external delay                     1.00       1.00 r
  tx_start (in)                            0.00       1.00 r
  U66/QN (NAND2X1)                         0.05       1.05 f
  U60/ZN (INVX0)                           0.08       1.13 r
  U36/Q (AO22X1)                           0.09       1.22 r
  data_reg_reg[7]/D (DFFARX1)              0.00       1.22 r
  data arrival time                                   1.22

  clock CLK (rise edge)                   10.00      10.00
  clock network delay (ideal)              0.00      10.00
  clock uncertainty                       -0.20       9.80
  data_reg_reg[7]/CLK (DFFARX1)                       9.80 r
  library setup time                      -0.09       9.71
  data required time                                  9.71
  ---------------------------------------------------------------
  data required time                                  9.71
  data arrival time                                  -1.22
  ---------------------------------------------------------------
  slack (MET)                                         8.50


1
